[backblue.gif]
[fade.gif]
[index.html]
[teslathemes.com/demo/html/downtown/js/modernizr.js]
[teslathemes.com/demo/html/downtown/images/downtown-logo.png]
[teslathemes.com/demo/html/downtown/images/services/best-cousine.jpg]
[teslathemes.com/demo/html/downtown/images/services/ideal-place.jpg]
[teslathemes.com/demo/html/downtown/images/services/good-rest.jpg]
[teslathemes.com/demo/html/downtown/images/dish-of-day.jpg]
[teslathemes.com/demo/html/downtown/images/dishes/donut-with-scrambled-eggs.jpg]
[teslathemes.com/demo/html/downtown/images/dishes/cookies-with-honey-cream.jpg]
[teslathemes.com/demo/html/downtown/images/dishes/sandwiches-with-fried-bacon.jpg]
[teslathemes.com/demo/html/downtown/images/dishes/mascarpone-mousse.jpg]
[teslathemes.com/demo/html/downtown/images/downtown-white-logo.png]
[ajax.googleapis.com/ajax/libs/jquery/2.1.1/jquery.min.js]
[teslathemes.com/demo/html/downtown/js/bootstrap.js]
[teslathemes.com/demo/html/downtown/js/plugins.js]
[teslathemes.com/demo/html/downtown/js/options.js]
[teslathemes.com/demo/html/downtown/index.html]
[teslathemes.com/demo/html/downtown/img/favicon/favicon-apple.html]
[teslathemes.com/demo/html/downtown/img/favicon/favicon.html]
[teslathemes.com/demo/html/downtown/css/bootstrap.css]
[teslathemes.com/demo/html/downtown/images/icons/menu-icon.png]
[teslathemes.com/demo/html/downtown/images/slider-background2.jpg]
[teslathemes.com/demo/html/downtown/images/slider-background3.jpg]
[teslathemes.com/demo/html/downtown/images/slider-background.jpg]
[teslathemes.com/demo/html/downtown/images/icons/arrow-right-sprite.png]
[teslathemes.com/demo/html/downtown/images/icons/arrows-sprite.png]
[teslathemes.com/demo/html/downtown/images/services-background.jpg]
[teslathemes.com/demo/html/downtown/images/services/services-sprite.png]
[teslathemes.com/demo/html/downtown/images/services/best-cousine-icon.png]
[teslathemes.com/demo/html/downtown/images/offer-background.jpg]
[teslathemes.com/demo/html/downtown/images/best-offer.jpg]
[teslathemes.com/demo/html/downtown/images/visit-us-background.jpg]
[teslathemes.com/demo/html/downtown/images/chief.jpg]
[teslathemes.com/demo/html/downtown/images/wood-background.jpg]
[teslathemes.com/demo/html/downtown/images/chief-background.png]
[teslathemes.com/demo/html/downtown/images/icons/dish-icon.png]
[teslathemes.com/demo/html/downtown/images/slide-arrow-sprite.png]
[teslathemes.com/demo/html/downtown/images/icons/zoom-icon.png]
[teslathemes.com/demo/html/downtown/images/error404-background.png]
[teslathemes.com/demo/html/downtown/images/error404-background-image.png]
[teslathemes.com/demo/html/downtown/images/socials/share-sprite.png]
[teslathemes.com/demo/html/downtown/images/icons/mail.png]
[teslathemes.com/demo/html/downtown/images/icons/phone.png]
[teslathemes.com/demo/html/downtown/images/icons/address.png]
[teslathemes.com/demo/html/downtown/images/search-icon.png]
[teslathemes.com/demo/html/downtown/images/icons/tweet-icon.png]
[teslathemes.com/demo/html/downtown/images/icons/down-arrow.png]
[teslathemes.com/demo/html/downtown/images/socials/social-sprite.png]
[teslathemes.com/demo/html/downtown/images/socials/chiefs-social-sprite.png]
[teslathemes.com/demo/html/downtown/images/paralax-background.jpg]
[teslathemes.com/demo/html/downtown/images/zoom/loader.gif]
[teslathemes.com/demo/html/downtown/images/zoom/icons.png]
[teslathemes.com/demo/html/downtown/css/screen.css]
[teslathemes.com/demo/html/downtown/images/our-chiefs.jpg]
[teslathemes.com/demo/html/downtown/images/chiefs/john-stone.jpg]
[teslathemes.com/demo/html/downtown/images/chiefs/alex-webber.jpg]
[teslathemes.com/demo/html/downtown/images/chiefs/boris-baker.jpg]
[teslathemes.com/demo/html/downtown/images/chiefs/jessica-alba.jpg]
[teslathemes.com/demo/html/downtown/images/chiefs/bill-murrey.jpg]
[teslathemes.com/demo/html/downtown/images/chiefs/alex-warren.jpg]
[teslathemes.com/demo/html/downtown/chiefs.html]
[teslathemes.com/demo/html/downtown/error.html]
[teslathemes.com/demo/html/downtown/images/dishes/pizza-with-mozzarella.jpg]
[teslathemes.com/demo/html/downtown/images/dishes/sauce-seafood.jpg]
[teslathemes.com/demo/html/downtown/images/dishes/crispy-bacon-sandwich.jpg]
[teslathemes.com/demo/html/downtown/images/dishes/sandwiches-fried-bacon.jpg]
[teslathemes.com/demo/html/downtown/images/dishes/barbecue-salmon.jpg]
[teslathemes.com/demo/html/downtown/images/dishes/barbecue-cassoulet.jpg]
[teslathemes.com/demo/html/downtown/images/dishes/icecream.jpg]
[teslathemes.com/demo/html/downtown/images/dishes/vegetables.jpg]
[teslathemes.com/demo/html/downtown/menu.html]
[teslathemes.com/demo/html/downtown/js/jquery.js]
[teslathemes.com/demo/html/downtown/images/recipe-featured.jpg]
[teslathemes.com/demo/html/downtown/images/chicken-recipe.jpg]
[teslathemes.com/demo/html/downtown/images/popular/barbecue-salmon.jpg]
[teslathemes.com/demo/html/downtown/images/popular/cookies-with-honey.jpg]
[teslathemes.com/demo/html/downtown/images/popular/barbecue-cassoulet.jpg]
[teslathemes.com/demo/html/downtown/recipe.html]
[teslathemes.com/demo/html/downtown/booking.html]
[teslathemes.com/demo/html/downtown/images/beef-soup.jpg]
[teslathemes.com/demo/html/downtown/images/roast-beef.jpg]
[teslathemes.com/demo/html/downtown/images/barbeque.jpg]
[teslathemes.com/demo/html/downtown/blog.html]
[teslathemes.com/demo/html/downtown/contact.html]
[teslathemes.com/demo/html/downtown/images/eggs-bacon.jpg]
[teslathemes.com/demo/html/downtown/images/avatar64x64.jpg]
[teslathemes.com/demo/html/downtown/post.html]
[connect.facebook.net/en_US/fbds.js]
[www.google-analytics.com/analytics.js]
[connect.facebook.net/en_US/sdk.js]
[teslathemes.com/amember/application/default/views/public/img/empty.gif]
[www.googleadservices.com/pagead/f.txt]
[cdn.optimizely.com/js/2750011591.js]
[code.jquery.com/jquery-1.11.3.min.js]
[teslathemes.com/wp-content/themes/teslathemes/tesla_framework/static/js/subscription.js]
[teslathemes.com/wp-content/themes/teslathemes/js/pluginsea1a.js]
[teslathemes.com/wp-content/themes/teslathemes/js/optionsea1a.js]
[platform.twitter.com/oct.js]
[teslathemes.com/demo/html/downtown/fonts/glyphicons-halflings-regular.html]
[teslathemes.com/demo/html/downtown/fonts/glyphicons-halflings-regulard41d.html]
[teslathemes.com/demo/html/downtown/fonts/glyphicons-halflings-regular-2.html]
[teslathemes.com/demo/html/downtown/fonts/glyphicons-halflings-regular-3.html]
[teslathemes.com/demo/html/downtown/fonts/glyphicons-halflings-regular-4.html]
[teslathemes.com/demo/html/downtown/blog4635.html]
[teslathemes.com/demo/html/downtown/post4635.html]
[teslathemes.com/wp-content/themes/teslathemes/css/bootstrap.min.css]
[maxcdn.bootstrapcdn.com/font-awesome/4.2.0/css/font-awesome.min.css]
[teslathemes.com/wp-content/themes/teslathemes/images/home-bg.jpg]
[teslathemes.com/wp-content/themes/teslathemes/images/compatibility.png]
[teslathemes.com/wp-content/themes/teslathemes/images/team-bg.png]
[teslathemes.com/wp-content/themes/teslathemes/images/bg-attention-1.jpg]
[teslathemes.com/wp-content/themes/teslathemes/images/bg-attention-2.jpg]
[teslathemes.com/wp-content/themes/teslathemes/images/bg-attention-3.jpg]
[teslathemes.com/wp-content/themes/teslathemes/images/bg-attention-4.jpg]
[teslathemes.com/wp-content/themes/teslathemes/images/bg-attention-5.jpg]
[teslathemes.com/wp-content/themes/teslathemes/images/bg-attention-6.jpg]
[teslathemes.com/wp-content/themes/teslathemes/images/money-back.png]
[teslathemes.com/wp-content/themes/teslathemes/images/lab-bg.png]
[assets.zendesk.com/embeddable_framework/main.js]
[teslathemes.com/wp-content/themes/teslathemes/images/tt-bg-deals.png]
[teslathemes.com/wp-content/themes/teslathemes/images/paypal_bg.png]
[teslathemes.com/wp-content/themes/teslathemes/images/bg-comes.jpg]
[teslathemes.com/wp-content/themes/teslathemes/images/framework-tab.png]
[teslathemes.com/wp-content/themes/teslathemes/images/mobile-theme.png]
[teslathemes.com/wp-content/themes/teslathemes/images/theme-laptop-bg.png]
[teslathemes.com/wp-content/themes/teslathemes/images/20-things-bg.jpg]
[teslathemes.com/wp-content/themes/teslathemes/images/show-room.jpg]
[teslathemes.com/wp-content/themes/teslathemes/images/show-room.png]
[teslathemes.com/wp-content/themes/teslathemes/images/PP.png]
[teslathemes.com/wp-content/themes/teslathemes/images/Card.png]
[teslathemes.com/wp-content/themes/teslathemes/images/theme-laptop-bg2.png]
[teslathemes.com/wp-content/themes/teslathemes/css/screen91ce.css]
[connect.facebook.net/en_US/fbds.js]
[connect.facebook.net/en_US/sdk.js]
[adoric.com/adoricaf0b.html]
[teslathemes.com/demo/html/downtown/fonts/ABCDEFGHIJKLMNOPQRSTUVWXYZabcdefghijklmnopqrstuvwxyz0123456789+/index.html]
[teslathemes.com/demo/html/downtown/fonts/dialog/index.html]
[teslathemes.com/demo/html/downtown/fonts/%s/profile4d6d.html]
